Token: 
()
id _1 ; name Charset ; punc : ; whitespace "" ; prepunctuation "" ; 
id _2 ; name ISO-8859-15 ; whitespace " " ; prepunctuation "" ; 
id _3 ; name "\\" ; whitespace "

" ; prepunctuation "" ; 
id _4 ; name ' ; whitespace "
" ; prepunctuation "" ; 
id _5 ; name ? ; whitespace "
" ; prepunctuation "" ; 
id _6 ; name ¡ ; whitespace "
" ; prepunctuation "" ; 
id _7 ; name ¿ ; whitespace "
" ; prepunctuation "" ; 
id _8 ; name [ ; whitespace "
" ; prepunctuation "" ; 
id _9 ; name ] ; whitespace "
" ; prepunctuation "" ; 
id _10 ; name { ; whitespace "
" ; prepunctuation "" ; 
id _11 ; name } ; whitespace "
" ; prepunctuation "" ; 
id _12 ; name < ; whitespace "
" ; prepunctuation "" ; 
id _13 ; name > ; whitespace "
" ; prepunctuation "" ; 
id _14 ; name , ; whitespace "
" ; prepunctuation "" ; 
id _15 ; name . ; whitespace "
" ; prepunctuation "" ; punc , ; 
id _16 ; name - ; whitespace "
" ; prepunctuation "" ; 
id _17 ; name ";" ; whitespace "
" ; prepunctuation "" ; 
id _18 ; name : ; whitespace "
" ; prepunctuation "" ; 
id _19 ; name _ ; whitespace "
" ; prepunctuation "" ; 
id _20 ; name + ; whitespace "
" ; prepunctuation "" ; 
id _21 ; name * ; whitespace "
" ; prepunctuation "" ; 
id _22 ; name a ; whitespace "
" ; prepunctuation "" ; 
id _23 ; name b ; whitespace "
" ; prepunctuation "" ; 
id _24 ; name c ; whitespace "
" ; prepunctuation "" ; 
id _25 ; name d ; whitespace "
" ; prepunctuation "" ; 
id _26 ; name e ; whitespace "
" ; prepunctuation "" ; 
id _27 ; name f ; whitespace "
" ; prepunctuation "" ; 
id _28 ; name g ; whitespace "
" ; prepunctuation "" ; 
id _29 ; name h ; whitespace "
" ; prepunctuation "" ; 
id _30 ; name i ; whitespace "
" ; prepunctuation "" ; 
id _31 ; name j ; whitespace "
" ; prepunctuation "" ; 
id _32 ; name k ; whitespace "
" ; prepunctuation "" ; 
id _33 ; name l ; whitespace "
" ; prepunctuation "" ; 
id _34 ; name m ; whitespace "
" ; prepunctuation "" ; 
id _35 ; name n ; whitespace "
" ; prepunctuation "" ; 
id _36 ; name o ; whitespace "
" ; prepunctuation "" ; 
id _37 ; name p ; whitespace "
" ; prepunctuation "" ; 
id _38 ; name q ; whitespace "
" ; prepunctuation "" ; 
id _39 ; name r ; whitespace "
" ; prepunctuation "" ; 
id _40 ; name s ; whitespace "
" ; prepunctuation "" ; 
id _41 ; name t ; whitespace "
" ; prepunctuation "" ; 
id _42 ; name u ; whitespace "
" ; prepunctuation "" ; 
id _43 ; name v ; whitespace "
" ; prepunctuation "" ; 
id _44 ; name w ; whitespace "
" ; prepunctuation "" ; 
id _45 ; name x ; whitespace "
" ; prepunctuation "" ; 
id _46 ; name y ; whitespace "
" ; prepunctuation "" ; 
id _47 ; name z ; whitespace "
" ; prepunctuation "" ; 
id _48 ; name à ; whitespace "
" ; prepunctuation "" ; 
id _49 ; name á ; whitespace "
" ; prepunctuation "" ; 
id _50 ; name ä ; whitespace "
" ; prepunctuation "" ; 
id _51 ; name â ; whitespace "
" ; prepunctuation "" ; 
id _52 ; name è ; whitespace "
" ; prepunctuation "" ; 
id _53 ; name é ; whitespace "
" ; prepunctuation "" ; 
id _54 ; name ë ; whitespace "
" ; prepunctuation "" ; 
id _55 ; name ê ; whitespace "
" ; prepunctuation "" ; 
id _56 ; name í ; whitespace "
" ; prepunctuation "" ; 
id _57 ; name ì ; whitespace "
" ; prepunctuation "" ; 
id _58 ; name ï ; whitespace "
" ; prepunctuation "" ; 
id _59 ; name î ; whitespace "
" ; prepunctuation "" ; 
id _60 ; name ò ; whitespace "
" ; prepunctuation "" ; 
id _61 ; name ó ; whitespace "
" ; prepunctuation "" ; 
id _62 ; name ö ; whitespace "
" ; prepunctuation "" ; 
id _63 ; name ô ; whitespace "
" ; prepunctuation "" ; 
id _64 ; name ú ; whitespace "
" ; prepunctuation "" ; 
id _65 ; name ù ; whitespace "
" ; prepunctuation "" ; 
id _66 ; name ü ; whitespace "
" ; prepunctuation "" ; 
id _67 ; name û ; whitespace "
" ; prepunctuation "" ; 
id _68 ; name ç ; whitespace "
" ; prepunctuation "" ; 
id _69 ; name ñ ; whitespace "
" ; prepunctuation "" ; 
id _70 ; name "0" ; whitespace "
" ; prepunctuation "" ; token_pos cardinal ; 
id _71 ; name "1" ; whitespace "
" ; prepunctuation "" ; token_pos digits ; 
id _72 ; name "2" ; whitespace "
" ; prepunctuation "" ; token_pos cardinal ; 
id _73 ; name "3" ; whitespace "
" ; prepunctuation "" ; token_pos cardinal ; 
id _74 ; name "4" ; whitespace "
" ; prepunctuation "" ; token_pos cardinal ; 
id _75 ; name "5" ; whitespace "
" ; prepunctuation "" ; token_pos cardinal ; 
id _76 ; name "6" ; whitespace "
" ; prepunctuation "" ; token_pos cardinal ; 
id _77 ; name "7" ; whitespace "
" ; prepunctuation "" ; token_pos cardinal ; 
id _78 ; name "8" ; whitespace "
" ; prepunctuation "" ; token_pos cardinal ; 
id _79 ; name "9" ; whitespace "
" ; prepunctuation "" ; token_pos cardinal ; 
id _80 ; name ! ; whitespace "
" ; prepunctuation "" ; 
id _81 ; name | ; whitespace "
" ; prepunctuation "" ; 
id _82 ; name @ ; whitespace "
" ; prepunctuation "" ; 
id _83 ; name · ; whitespace "
" ; prepunctuation "" ; 
id _84 ; name $ ; whitespace "
" ; prepunctuation "" ; 
id _85 ; name % ; whitespace "
" ; prepunctuation "" ; 
id _86 ; name & ; whitespace "
" ; prepunctuation "" ; 
id _87 ; name / ; whitespace "
" ; prepunctuation "" ; 
id _88 ; name © ; whitespace "
" ; prepunctuation "" ; 
id _89 ; name "(" ; whitespace "
" ; prepunctuation "" ; 
id _90 ; name ")" ; whitespace "
" ; prepunctuation "" ; 
id _91 ; name = ; whitespace "
" ; prepunctuation "" ; 
id _92 ; name º ; whitespace "
" ; prepunctuation "" ; 
id _93 ; name ª ; punc . ; whitespace "
" ; prepunctuation "" ; 
Word: 
()
id _94 ; name Charset ; pos_index 60 ; pos_index_score 0 ; pos VSP ; pbreak B ; 
id _95 ; name #i ; pos_index 54 ; pos_index_score 0 ; pos VMP ; pbreak NB ; 
id _96 ; name #s ; pos_index 42 ; pos_index_score 0 ; pos SP ; pbreak NB ; 
id _97 ; name #o ; pos_index 4 ; pos_index_score 0 ; pos DA ; pbreak NB ; 
id _98 ; name guió ; pos_index 30 ; pos_index_score 0 ; pos NC ; pbreak NB ; 
id _99 ; name vuit ; pos_index 35 ; pos_index_score 0 ; pos PN ; pbreak NB ; 
id _100 ; name vuit ; pos_index 8 ; pos_index_score 0 ; pos DN ; pbreak NB ; 
id _101 ; name cinc ; pos_index 8 ; pos_index_score 0 ; pos DN ; pbreak NB ; 
id _102 ; name nou ; pos_index 1 ; pos_index_score 0 ; pos AQ ; pbreak NB ; 
id _103 ; name guió ; pos_index 30 ; pos_index_score 0 ; pos NC ; pbreak NB ; 
id _104 ; name un ; pos_index 7 ; pos_index_score 0 ; pos DI ; pbreak NB ; 
id _105 ; name cinc ; pos_index 8 ; pos_index_score 0 ; pos DN ; pbreak NB ; 
id _106 ; name contrabarra ; pos_index 30 ; pos_index_score 0 ; pos NC ; pbreak NB ; 
id _107 ; name ' ; pos_index 28 ; pos_index_score 0 ; pos Fz ; pbreak NB ; 
id _108 ; name claudàtor ; pos_index 30 ; pos_index_score 0 ; pos NC ; pbreak NB ; 
id _109 ; name obert ; pos_index 1 ; pos_index_score 0 ; pos AQ ; pbreak NB ; 
id _110 ; name claudàtor ; pos_index 30 ; pos_index_score 0 ; pos NC ; pbreak NB ; 
id _111 ; name tancat ; pos_index 1 ; pos_index_score 0 ; pos AQ ; pbreak NB ; 
id _112 ; name clau ; pos_index 1 ; pos_index_score 0 ; pos AQ ; pbreak NB ; 
id _113 ; name corba ; pos_index 30 ; pos_index_score 0 ; pos NC ; pbreak NB ; 
id _114 ; name oberta ; pos_index 1 ; pos_index_score 0 ; pos AQ ; pbreak NB ; 
id _115 ; name clau ; pos_index 1 ; pos_index_score 0 ; pos AQ ; pbreak NB ; 
id _116 ; name corba ; pos_index 51 ; pos_index_score 0 ; pos VMI ; pbreak NB ; 
id _117 ; name tancada ; pos_index 1 ; pos_index_score 0 ; pos AQ ; pbreak NB ; 
id _118 ; name coma ; pos_index 30 ; pos_index_score 0 ; pos NC ; pbreak NB ; 
id _119 ; name punt ; pos_index 51 ; pos_index_score 0 ; pos VMI ; pbreak B ; 
id _120 ; name punt ; pos_index 30 ; pos_index_score 0 ; pos NC ; pbreak NB ; 
id _121 ; name i ; pos_index 2 ; pos_index_score 0 ; pos CC ; pbreak NB ; 
id _122 ; name coma ; pos_index 51 ; pos_index_score 0 ; pos VMI ; pbreak NB ; 
id _123 ; name dos ; pos_index 8 ; pos_index_score 0 ; pos DN ; pbreak NB ; 
id _124 ; name punts ; pos_index 30 ; pos_index_score 0 ; pos NC ; pbreak NB ; 
id _125 ; name guió ; pos_index 30 ; pos_index_score 0 ; pos NC ; pbreak NB ; 
id _126 ; name baix ; pos_index 51 ; pos_index_score 0 ; pos VMI ; pbreak NB ; 
id _127 ; name més ; pos_index 40 ; pos_index_score 0 ; pos RG ; pbreak NB ; 
id _128 ; name asterisc ; pos_index 30 ; pos_index_score 0 ; pos NC ; pbreak NB ; 
id _129 ; name a ; pos_index 42 ; pos_index_score 0 ; pos SP ; pbreak NB ; 
id _130 ; name #b ; pos_index 4 ; pos_index_score 0 ; pos DA ; pbreak NB ; 
id _131 ; name #c ; pos_index 30 ; pos_index_score 0 ; pos NC ; pbreak NB ; 
id _132 ; name #d ; pos_index 42 ; pos_index_score 0 ; pos SP ; pbreak NB ; 
id _133 ; name #e ; pos_index 4 ; pos_index_score 0 ; pos DA ; pbreak NB ; 
id _134 ; name #f ; pos_index 30 ; pos_index_score 0 ; pos NC ; pbreak NB ; 
id _135 ; name #g ; pos_index 42 ; pos_index_score 0 ; pos SP ; pbreak NB ; 
id _136 ; name #h ; pos_index 30 ; pos_index_score 0 ; pos NC ; pbreak NB ; 
id _137 ; name i ; pos_index 2 ; pos_index_score 0 ; pos CC ; pbreak NB ; 
id _138 ; name #j ; pos_index 30 ; pos_index_score 0 ; pos NC ; pbreak NB ; 
id _139 ; name #k ; pos_index 42 ; pos_index_score 0 ; pos SP ; pbreak NB ; 
id _140 ; name #l ; pos_index 30 ; pos_index_score 0 ; pos NC ; pbreak NB ; 
id _141 ; name #m ; pos_index 42 ; pos_index_score 0 ; pos SP ; pbreak NB ; 
id _142 ; name #n ; pos_index 30 ; pos_index_score 0 ; pos NC ; pbreak NB ; 
id _143 ; name o ; pos_index 2 ; pos_index_score 0 ; pos CC ; pbreak NB ; 
id _144 ; name #p ; pos_index 4 ; pos_index_score 0 ; pos DA ; pbreak NB ; 
id _145 ; name #q ; pos_index 30 ; pos_index_score 0 ; pos NC ; pbreak NB ; 
id _146 ; name #r ; pos_index 42 ; pos_index_score 0 ; pos SP ; pbreak NB ; 
id _147 ; name #s ; pos_index 4 ; pos_index_score 0 ; pos DA ; pbreak NB ; 
id _148 ; name #t ; pos_index 30 ; pos_index_score 0 ; pos NC ; pbreak NB ; 
id _149 ; name #u ; pos_index 42 ; pos_index_score 0 ; pos SP ; pbreak NB ; 
id _150 ; name #v ; pos_index 4 ; pos_index_score 0 ; pos DA ; pbreak NB ; 
id _151 ; name #w ; pos_index 30 ; pos_index_score 0 ; pos NC ; pbreak NB ; 
id _152 ; name #x ; pos_index 42 ; pos_index_score 0 ; pos SP ; pbreak NB ; 
id _153 ; name #y ; pos_index 4 ; pos_index_score 0 ; pos DA ; pbreak NB ; 
id _154 ; name #z ; pos_index 30 ; pos_index_score 0 ; pos NC ; pbreak NB ; 
id _155 ; name #a ; pos_index 42 ; pos_index_score 0 ; pos SP ; pbreak NB ; 
id _156 ; name #a ; pos_index 4 ; pos_index_score 0 ; pos DA ; pbreak NB ; 
id _157 ; name #a ; pos_index 30 ; pos_index_score 0 ; pos NC ; pbreak NB ; 
id _158 ; name #a ; pos_index 42 ; pos_index_score 0 ; pos SP ; pbreak NB ; 
id _159 ; name #e ; pos_index 4 ; pos_index_score 0 ; pos DA ; pbreak NB ; 
id _160 ; name #e ; pos_index 30 ; pos_index_score 0 ; pos NC ; pbreak NB ; 
id _161 ; name #e ; pos_index 42 ; pos_index_score 0 ; pos SP ; pbreak NB ; 
id _162 ; name #e ; pos_index 4 ; pos_index_score 0 ; pos DA ; pbreak NB ; 
id _163 ; name #i ; pos_index 30 ; pos_index_score 0 ; pos NC ; pbreak NB ; 
id _164 ; name #i ; pos_index 42 ; pos_index_score 0 ; pos SP ; pbreak NB ; 
id _165 ; name #i ; pos_index 4 ; pos_index_score 0 ; pos DA ; pbreak NB ; 
id _166 ; name #i ; pos_index 30 ; pos_index_score 0 ; pos NC ; pbreak NB ; 
id _167 ; name #o ; pos_index 42 ; pos_index_score 0 ; pos SP ; pbreak NB ; 
id _168 ; name #o ; pos_index 4 ; pos_index_score 0 ; pos DA ; pbreak NB ; 
id _169 ; name #o ; pos_index 30 ; pos_index_score 0 ; pos NC ; pbreak NB ; 
id _170 ; name #o ; pos_index 42 ; pos_index_score 0 ; pos SP ; pbreak NB ; 
id _171 ; name #u ; pos_index 4 ; pos_index_score 0 ; pos DA ; pbreak NB ; 
id _172 ; name #u ; pos_index 30 ; pos_index_score 0 ; pos NC ; pbreak NB ; 
id _173 ; name #u ; pos_index 42 ; pos_index_score 0 ; pos SP ; pbreak NB ; 
id _174 ; name #u ; pos_index 4 ; pos_index_score 0 ; pos DA ; pbreak NB ; 
id _175 ; name #ç ; pos_index 30 ; pos_index_score 0 ; pos NC ; pbreak NB ; 
id _176 ; name #ñ ; pos_index 42 ; pos_index_score 0 ; pos SP ; pbreak NB ; 
id _177 ; name zero ; pos_index 30 ; pos_index_score 0 ; pos NC ; pbreak NB ; 
id _178 ; name un ; pos_index 7 ; pos_index_score 0 ; pos DI ; pbreak NB ; 
id _179 ; name dos ; pos_index 35 ; pos_index_score 0 ; pos PN ; pbreak NB ; 
id _180 ; name tres ; pos_index 51 ; pos_index_score 0 ; pos VMI ; pbreak NB ; 
id _181 ; name quatre ; pos_index 62 ; pos_index_score 0 ; pos W ; pbreak NB ; 
id _182 ; name cinc ; pos_index 8 ; pos_index_score 0 ; pos DN ; pbreak NB ; 
id _183 ; name sis ; pos_index 8 ; pos_index_score 0 ; pos DN ; pbreak NB ; 
id _184 ; name set ; pos_index 8 ; pos_index_score 0 ; pos DN ; pbreak NB ; 
id _185 ; name vuit ; pos_index 8 ; pos_index_score 0 ; pos DN ; pbreak NB ; 
id _186 ; name nou ; pos_index 1 ; pos_index_score 0 ; pos AQ ; pbreak NB ; 
id _187 ; name exclamació ; pos_index 30 ; pos_index_score 0 ; pos NC ; pbreak NB ; 
id _188 ; name barra ; pos_index 51 ; pos_index_score 0 ; pos VMI ; pbreak NB ; 
id _189 ; name vertical ; pos_index 1 ; pos_index_score 0 ; pos AQ ; pbreak NB ; 
id _190 ; name arrova ; pos_index 30 ; pos_index_score 0 ; pos NC ; pbreak NB ; 
id _191 ; name punt ; pos_index 51 ; pos_index_score 0 ; pos VMI ; pbreak NB ; 
id _192 ; name volat ; pos_index 54 ; pos_index_score 0 ; pos VMP ; pbreak NB ; 
id _193 ; name dòlar ; pos_index 30 ; pos_index_score 0 ; pos NC ; pbreak NB ; 
id _194 ; name tant ; pos_index 40 ; pos_index_score 0 ; pos RG ; pbreak NB ; 
id _195 ; name per ; pos_index 42 ; pos_index_score 0 ; pos SP ; pbreak NB ; 
id _196 ; name cent ; pos_index 8 ; pos_index_score 0 ; pos DN ; pbreak NB ; 
id _197 ; name ampersand ; pos_index 30 ; pos_index_score 0 ; pos NC ; pbreak NB ; 
id _198 ; name barra ; pos_index 51 ; pos_index_score 0 ; pos VMI ; pbreak NB ; 
id _199 ; name copyright ; pos_index 30 ; pos_index_score 0 ; pos NC ; pbreak NB ; 
id _200 ; name igual ; pos_index 40 ; pos_index_score 0 ; pos RG ; pbreak NB ; 
id _201 ; name indicador ; pos_index 1 ; pos_index_score 0 ; pos AQ ; pbreak NB ; 
id _202 ; name ordinal ; pos_index 30 ; pos_index_score 0 ; pos NC ; pbreak NB ; 
id _203 ; name masculí ; pos_index 1 ; pos_index_score 0 ; pos AQ ; pbreak NB ; 
id _204 ; name indicador ; pos_index 1 ; pos_index_score 0 ; pos AQ ; pbreak NB ; 
id _205 ; name ordinal ; pos_index 30 ; pos_index_score 0 ; pos NC ; pbreak NB ; 
id _206 ; name femení ; pos_index 1 ; pos_index_score 0 ; pos AQ ; pbreak B ; 
Phrase: 
()
id _207 ; name B ; 
id _208 ; name B ; 
id _209 ; name B ; 
Syllable: 
()
id _210 ; name syl ; stress 0 ; 
id _212 ; name syl ; stress 1 ; 
id _216 ; name syl ; stress 1 ; 
id _220 ; name syl ; stress 1 ; 
id _222 ; name syl ; stress 1 ; 
id _224 ; name syl ; stress 0 ; 
id _227 ; name syl ; stress 1 ; 
id _229 ; name syl ; stress 0 ; 
id _232 ; name syl ; stress 1 ; 
id _234 ; name syl ; stress 1 ; 
id _239 ; name syl ; stress 1 ; 
id _244 ; name syl ; stress 1 ; 
id _248 ; name syl ; stress 1 ; 
id _252 ; name syl ; stress 0 ; 
id _255 ; name syl ; stress 1 ; 
id _257 ; name syl ; stress 0 ; 
id _260 ; name syl ; stress 1 ; 
id _264 ; name syl ; stress 0 ; 
id _268 ; name syl ; stress 0 ; 
id _272 ; name syl ; stress 1 ; 
id _275 ; name syl ; stress 0 ; 
id _278 ; name syl ; stress 0 ; 
id _283 ; name syl ; stress 1 ; 
id _286 ; name syl ; stress 0 ; 
id _290 ; name syl ; stress 0 ; 
id _292 ; name syl ; stress 1 ; 
id _297 ; name syl ; stress 0 ; 
id _302 ; name syl ; stress 1 ; 
id _305 ; name syl ; stress 0 ; 
id _309 ; name syl ; stress 0 ; 
id _313 ; name syl ; stress 1 ; 
id _317 ; name syl ; stress 1 ; 
id _322 ; name syl ; stress 1 ; 
id _326 ; name syl ; stress 0 ; 
id _329 ; name syl ; stress 0 ; 
id _331 ; name syl ; stress 1 ; 
id _335 ; name syl ; stress 0 ; 
id _338 ; name syl ; stress 1 ; 
id _343 ; name syl ; stress 1 ; 
id _347 ; name syl ; stress 0 ; 
id _350 ; name syl ; stress 0 ; 
id _354 ; name syl ; stress 1 ; 
id _357 ; name syl ; stress 0 ; 
id _360 ; name syl ; stress 1 ; 
id _363 ; name syl ; stress 0 ; 
id _366 ; name syl ; stress 1 ; 
id _370 ; name syl ; stress 1 ; 
id _374 ; name syl ; stress 0 ; 
id _376 ; name syl ; stress 1 ; 
id _379 ; name syl ; stress 0 ; 
id _382 ; name syl ; stress 1 ; 
id _386 ; name syl ; stress 1 ; 
id _391 ; name syl ; stress 0 ; 
id _394 ; name syl ; stress 1 ; 
id _396 ; name syl ; stress 1 ; 
id _400 ; name syl ; stress 1 ; 
id _404 ; name syl ; stress 0 ; 
id _407 ; name syl ; stress 0 ; 
id _410 ; name syl ; stress 1 ; 
id _415 ; name syl ; stress 0 ; 
id _417 ; name syl ; stress 1 ; 
id _420 ; name syl ; stress 1 ; 
id _423 ; name syl ; stress 1 ; 
id _426 ; name syl ; stress 1 ; 
id _428 ; name syl ; stress 1 ; 
id _430 ; name syl ; stress 0 ; 
id _433 ; name syl ; stress 1 ; 
id _436 ; name syl ; stress 1 ; 
id _439 ; name syl ; stress 0 ; 
id _441 ; name syl ; stress 1 ; 
id _444 ; name syl ; stress 0 ; 
id _447 ; name syl ; stress 1 ; 
id _450 ; name syl ; stress 1 ; 
id _452 ; name syl ; stress 0 ; 
id _455 ; name syl ; stress 1 ; 
id _457 ; name syl ; stress 0 ; 
id _460 ; name syl ; stress 1 ; 
id _462 ; name syl ; stress 0 ; 
id _465 ; name syl ; stress 1 ; 
id _467 ; name syl ; stress 1 ; 
id _470 ; name syl ; stress 1 ; 
id _473 ; name syl ; stress 1 ; 
id _475 ; name syl ; stress 0 ; 
id _478 ; name syl ; stress 1 ; 
id _480 ; name syl ; stress 0 ; 
id _483 ; name syl ; stress 1 ; 
id _486 ; name syl ; stress 1 ; 
id _488 ; name syl ; stress 1 ; 
id _491 ; name syl ; stress 1 ; 
id _494 ; name syl ; stress 0 ; 
id _497 ; name syl ; stress 1 ; 
id _500 ; name syl ; stress 1 ; 
id _504 ; name syl ; stress 0 ; 
id _508 ; name syl ; stress 1 ; 
id _512 ; name syl ; stress 1 ; 
id _514 ; name syl ; stress 1 ; 
id _518 ; name syl ; stress 0 ; 
id _521 ; name syl ; stress 1 ; 
id _524 ; name syl ; stress 0 ; 
id _527 ; name syl ; stress 1 ; 
id _529 ; name syl ; stress 1 ; 
id _531 ; name syl ; stress 1 ; 
id _533 ; name syl ; stress 1 ; 
id _535 ; name syl ; stress 1 ; 
id _537 ; name syl ; stress 1 ; 
id _539 ; name syl ; stress 1 ; 
id _541 ; name syl ; stress 1 ; 
id _543 ; name syl ; stress 1 ; 
id _545 ; name syl ; stress 1 ; 
id _547 ; name syl ; stress 1 ; 
id _549 ; name syl ; stress 1 ; 
id _551 ; name syl ; stress 1 ; 
id _553 ; name syl ; stress 1 ; 
id _555 ; name syl ; stress 1 ; 
id _557 ; name syl ; stress 1 ; 
id _559 ; name syl ; stress 1 ; 
id _561 ; name syl ; stress 1 ; 
id _563 ; name syl ; stress 1 ; 
id _565 ; name syl ; stress 1 ; 
id _567 ; name syl ; stress 1 ; 
id _570 ; name syl ; stress 0 ; 
id _575 ; name syl ; stress 1 ; 
id _578 ; name syl ; stress 0 ; 
id _581 ; name syl ; stress 1 ; 
id _583 ; name syl ; stress 0 ; 
id _586 ; name syl ; stress 1 ; 
id _589 ; name syl ; stress 0 ; 
id _592 ; name syl ; stress 0 ; 
id _595 ; name syl ; stress 1 ; 
id _599 ; name syl ; stress 1 ; 
id _604 ; name syl ; stress 1 ; 
id _608 ; name syl ; stress 0 ; 
id _612 ; name syl ; stress 1 ; 
id _616 ; name syl ; stress 1 ; 
id _620 ; name syl ; stress 1 ; 
id _624 ; name syl ; stress 1 ; 
id _629 ; name syl ; stress 1 ; 
id _633 ; name syl ; stress 0 ; 
id _637 ; name syl ; stress 0 ; 
id _641 ; name syl ; stress 0 ; 
id _644 ; name syl ; stress 0 ; 
id _647 ; name syl ; stress 1 ; 
id _649 ; name syl ; stress 1 ; 
id _652 ; name syl ; stress 0 ; 
id _655 ; name syl ; stress 0 ; 
id _659 ; name syl ; stress 0 ; 
id _662 ; name syl ; stress 1 ; 
id _666 ; name syl ; stress 0 ; 
id _668 ; name syl ; stress 1 ; 
id _671 ; name syl ; stress 0 ; 
id _674 ; name syl ; stress 1 ; 
id _678 ; name syl ; stress 0 ; 
id _681 ; name syl ; stress 1 ; 
id _685 ; name syl ; stress 1 ; 
id _688 ; name syl ; stress 0 ; 
id _692 ; name syl ; stress 1 ; 
id _696 ; name syl ; stress 0 ; 
id _700 ; name syl ; stress 1 ; 
id _704 ; name syl ; stress 0 ; 
id _707 ; name syl ; stress 0 ; 
id _711 ; name syl ; stress 1 ; 
id _715 ; name syl ; stress 1 ; 
id _718 ; name syl ; stress 0 ; 
id _721 ; name syl ; stress 1 ; 
id _724 ; name syl ; stress 0 ; 
id _727 ; name syl ; stress 0 ; 
id _732 ; name syl ; stress 0 ; 
id _734 ; name syl ; stress 1 ; 
id _739 ; name syl ; stress 0 ; 
id _742 ; name syl ; stress 0 ; 
id _745 ; name syl ; stress 0 ; 
id _748 ; name syl ; stress 1 ; 
id _751 ; name syl ; stress 0 ; 
id _754 ; name syl ; stress 0 ; 
id _757 ; name syl ; stress 1 ; 
id _761 ; name syl ; stress 0 ; 
id _765 ; name syl ; stress 0 ; 
id _768 ; name syl ; stress 1 ; 
id _771 ; name syl ; stress 0 ; 
id _774 ; name syl ; stress 0 ; 
id _777 ; name syl ; stress 0 ; 
id _780 ; name syl ; stress 1 ; 
id _783 ; name syl ; stress 0 ; 
id _786 ; name syl ; stress 0 ; 
id _789 ; name syl ; stress 1 ; 
id _793 ; name syl ; stress 0 ; 
id _796 ; name syl ; stress 0 ; 
id _799 ; name syl ; stress 1 ; 
Segment: 
()
id _802 ; name pau ; 
id _211 ; name t ; 
id _213 ; name S ; 
id _214 ; name a1 ; 
id _215 ; name rr ; 
id _217 ; name s ; 
id _218 ; name E1 ; 
id _219 ; name t ; 
id _803 ; name pau ; 
id _221 ; name i1 ; 
id _223 ; name E1 ; 
id _225 ; name s ; 
id _226 ; name ax ; 
id _228 ; name O1 ; 
id _230 ; name g ; 
id _231 ; name i ; 
id _233 ; name o1 ; 
id _235 ; name b ; 
id _236 ; name u1 ; 
id _237 ; name j ; 
id _238 ; name t ; 
id _240 ; name b ; 
id _241 ; name u1 ; 
id _242 ; name j ; 
id _243 ; name t ; 
id _245 ; name s ; 
id _246 ; name i1 ; 
id _247 ; name n ; 
id _249 ; name n ; 
id _250 ; name O1 ; 
id _251 ; name w ; 
id _253 ; name g ; 
id _254 ; name i ; 
id _256 ; name o1 ; 
id _258 ; name u ; 
id _259 ; name n ; 
id _261 ; name s ; 
id _262 ; name i1 ; 
id _263 ; name n ; 
id _265 ; name k ; 
id _266 ; name O ; 
id _267 ; name n ; 
id _269 ; name t ; 
id _270 ; name r ; 
id _271 ; name ax ; 
id _273 ; name b ; 
id _274 ; name a1 ; 
id _276 ; name rr ; 
id _277 ; name ax ; 
id _279 ; name k ; 
id _280 ; name l ; 
id _281 ; name ax ; 
id _282 ; name w ; 
id _284 ; name d ; 
id _285 ; name a1 ; 
id _287 ; name t ; 
id _288 ; name o ; 
id _289 ; name rr ; 
id _291 ; name u ; 
id _293 ; name b ; 
id _294 ; name E1 ; 
id _295 ; name rr ; 
id _296 ; name t ; 
id _298 ; name k ; 
id _299 ; name l ; 
id _300 ; name ax ; 
id _301 ; name w ; 
id _303 ; name d ; 
id _304 ; name a1 ; 
id _306 ; name t ; 
id _307 ; name o ; 
id _308 ; name rr ; 
id _310 ; name t ; 
id _311 ; name ax ; 
id _312 ; name n ; 
id _314 ; name k ; 
id _315 ; name a1 ; 
id _316 ; name t ; 
id _318 ; name k ; 
id _319 ; name l ; 
id _320 ; name a1 ; 
id _321 ; name w ; 
id _323 ; name k ; 
id _324 ; name o1 ; 
id _325 ; name r ; 
id _327 ; name b ; 
id _328 ; name ax ; 
id _330 ; name u ; 
id _332 ; name b ; 
id _333 ; name E1 ; 
id _334 ; name rr ; 
id _336 ; name t ; 
id _337 ; name ax ; 
id _339 ; name k ; 
id _340 ; name l ; 
id _341 ; name a1 ; 
id _342 ; name w ; 
id _344 ; name k ; 
id _345 ; name o1 ; 
id _346 ; name r ; 
id _348 ; name b ; 
id _349 ; name ax ; 
id _351 ; name t ; 
id _352 ; name ax ; 
id _353 ; name n ; 
id _355 ; name k ; 
id _356 ; name a1 ; 
id _358 ; name d ; 
id _359 ; name ax ; 
id _361 ; name k ; 
id _362 ; name o1 ; 
id _364 ; name m ; 
id _365 ; name ax ; 
id _367 ; name p ; 
id _368 ; name u1 ; 
id _369 ; name n ; 
id _804 ; name pau ; 
id _371 ; name p ; 
id _372 ; name u1 ; 
id _373 ; name n ; 
id _375 ; name i ; 
id _377 ; name k ; 
id _378 ; name o1 ; 
id _380 ; name m ; 
id _381 ; name ax ; 
id _383 ; name d ; 
id _384 ; name o1 ; 
id _385 ; name s ; 
id _387 ; name p ; 
id _388 ; name u1 ; 
id _389 ; name n ; 
id _390 ; name s ; 
id _392 ; name g ; 
id _393 ; name i ; 
id _395 ; name o1 ; 
id _397 ; name b ; 
id _398 ; name a1 ; 
id _399 ; name S ; 
id _401 ; name m ; 
id _402 ; name e1 ; 
id _403 ; name s ; 
id _405 ; name ax ; 
id _406 ; name s ; 
id _408 ; name t ; 
id _409 ; name ax ; 
id _411 ; name r ; 
id _412 ; name i1 ; 
id _413 ; name s ; 
id _414 ; name k ; 
id _416 ; name ax ; 
id _418 ; name b ; 
id _419 ; name E1 ; 
id _421 ; name s ; 
id _422 ; name E1 ; 
id _424 ; name d ; 
id _425 ; name E1 ; 
id _427 ; name E1 ; 
id _429 ; name E1 ; 
id _431 ; name f ; 
id _432 ; name ax ; 
id _434 ; name Z ; 
id _435 ; name E1 ; 
id _437 ; name a1 ; 
id _438 ; name k ; 
id _440 ; name i ; 
id _442 ; name Z ; 
id _443 ; name O1 ; 
id _445 ; name t ; 
id _446 ; name ax ; 
id _448 ; name k ; 
id _449 ; name a1 ; 
id _451 ; name E1 ; 
id _453 ; name l ; 
id _454 ; name ax ; 
id _456 ; name E1 ; 
id _458 ; name m ; 
id _459 ; name ax ; 
id _461 ; name E1 ; 
id _463 ; name n ; 
id _464 ; name ax ; 
id _466 ; name O1 ; 
id _468 ; name p ; 
id _469 ; name e1 ; 
id _471 ; name k ; 
id _472 ; name u1 ; 
id _474 ; name E1 ; 
id _476 ; name rr ; 
id _477 ; name ax ; 
id _479 ; name E1 ; 
id _481 ; name s ; 
id _482 ; name ax ; 
id _484 ; name t ; 
id _485 ; name e1 ; 
id _487 ; name u1 ; 
id _489 ; name b ; 
id _490 ; name e1 ; 
id _492 ; name b ; 
id _493 ; name a1 ; 
id _495 ; name S ; 
id _496 ; name ax ; 
id _498 ; name b ; 
id _499 ; name e1 ; 
id _501 ; name d ; 
id _502 ; name o1 ; 
id _503 ; name b ; 
id _505 ; name b ; 
id _506 ; name l ; 
id _507 ; name ax ; 
id _509 ; name i1 ; 
id _510 ; name k ; 
id _511 ; name s ; 
id _513 ; name i1 ; 
id _515 ; name g ; 
id _516 ; name r ; 
id _517 ; name e1 ; 
id _519 ; name g ; 
id _520 ; name ax ; 
id _522 ; name z ; 
id _523 ; name e1 ; 
id _525 ; name t ; 
id _526 ; name ax ; 
id _528 ; name a1 ; 
id _530 ; name a1 ; 
id _532 ; name a1 ; 
id _534 ; name a1 ; 
id _536 ; name E1 ; 
id _538 ; name E1 ; 
id _540 ; name E1 ; 
id _542 ; name E1 ; 
id _544 ; name i1 ; 
id _546 ; name i1 ; 
id _548 ; name i1 ; 
id _550 ; name i1 ; 
id _552 ; name O1 ; 
id _554 ; name O1 ; 
id _556 ; name O1 ; 
id _558 ; name O1 ; 
id _560 ; name u1 ; 
id _562 ; name u1 ; 
id _564 ; name u1 ; 
id _566 ; name u1 ; 
id _568 ; name s ; 
id _569 ; name E1 ; 
id _571 ; name t ; 
id _572 ; name r ; 
id _573 ; name ax ; 
id _574 ; name n ; 
id _576 ; name k ; 
id _577 ; name a1 ; 
id _579 ; name d ; 
id _580 ; name ax ; 
id _582 ; name E1 ; 
id _584 ; name J ; 
id _585 ; name ax ; 
id _587 ; name z ; 
id _588 ; name E1 ; 
id _590 ; name r ; 
id _591 ; name u ; 
id _593 ; name u ; 
id _594 ; name n ; 
id _596 ; name d ; 
id _597 ; name o1 ; 
id _598 ; name s ; 
id _600 ; name t ; 
id _601 ; name r ; 
id _602 ; name E1 ; 
id _603 ; name s ; 
id _605 ; name k ; 
id _606 ; name w ; 
id _607 ; name a1 ; 
id _609 ; name t ; 
id _610 ; name r ; 
id _611 ; name ax ; 
id _613 ; name s ; 
id _614 ; name i1 ; 
id _615 ; name n ; 
id _617 ; name s ; 
id _618 ; name i1 ; 
id _619 ; name s ; 
id _621 ; name s ; 
id _622 ; name E1 ; 
id _623 ; name t ; 
id _625 ; name b ; 
id _626 ; name u1 ; 
id _627 ; name j ; 
id _628 ; name t ; 
id _630 ; name n ; 
id _631 ; name O1 ; 
id _632 ; name w ; 
id _634 ; name ax ; 
id _635 ; name k ; 
id _636 ; name s ; 
id _638 ; name k ; 
id _639 ; name l ; 
id _640 ; name ax ; 
id _642 ; name m ; 
id _643 ; name ax ; 
id _645 ; name s ; 
id _646 ; name i ; 
id _648 ; name o1 ; 
id _650 ; name b ; 
id _651 ; name a1 ; 
id _653 ; name rr ; 
id _654 ; name ax ; 
id _656 ; name b ; 
id _657 ; name ax ; 
id _658 ; name rr ; 
id _660 ; name t ; 
id _661 ; name i ; 
id _663 ; name k ; 
id _664 ; name a1 ; 
id _665 ; name l ; 
id _667 ; name ax ; 
id _669 ; name rr ; 
id _670 ; name O1 ; 
id _672 ; name b ; 
id _673 ; name ax ; 
id _675 ; name p ; 
id _676 ; name u1 ; 
id _677 ; name n ; 
id _679 ; name b ; 
id _680 ; name u ; 
id _682 ; name l ; 
id _683 ; name a1 ; 
id _684 ; name t ; 
id _686 ; name d ; 
id _687 ; name O1 ; 
id _689 ; name l ; 
id _690 ; name ax ; 
id _691 ; name rr ; 
id _693 ; name t ; 
id _694 ; name a1 ; 
id _695 ; name n ; 
id _697 ; name p ; 
id _698 ; name ax ; 
id _699 ; name rr ; 
id _701 ; name s ; 
id _702 ; name e1 ; 
id _703 ; name n ; 
id _705 ; name ax ; 
id _706 ; name m ; 
id _708 ; name p ; 
id _709 ; name ax ; 
id _710 ; name rr ; 
id _712 ; name s ; 
id _713 ; name a1 ; 
id _714 ; name n ; 
id _716 ; name b ; 
id _717 ; name a1 ; 
id _719 ; name rr ; 
id _720 ; name ax ; 
id _722 ; name k ; 
id _723 ; name O1 ; 
id _725 ; name p ; 
id _726 ; name i ; 
id _728 ; name rr ; 
id _729 ; name a ; 
id _730 ; name i ; 
id _731 ; name t ; 
id _733 ; name i ; 
id _735 ; name g ; 
id _736 ; name w ; 
id _737 ; name a1 ; 
id _738 ; name l ; 
id _740 ; name i ; 
id _741 ; name n ; 
id _743 ; name d ; 
id _744 ; name i ; 
id _746 ; name k ; 
id _747 ; name ax ; 
id _749 ; name d ; 
id _750 ; name o1 ; 
id _752 ; name u ; 
id _753 ; name r ; 
id _755 ; name d ; 
id _756 ; name i ; 
id _758 ; name n ; 
id _759 ; name a1 ; 
id _760 ; name l ; 
id _762 ; name m ; 
id _763 ; name ax ; 
id _764 ; name s ; 
id _766 ; name k ; 
id _767 ; name u ; 
id _769 ; name l ; 
id _770 ; name i1 ; 
id _772 ; name i ; 
id _773 ; name n ; 
id _775 ; name d ; 
id _776 ; name i ; 
id _778 ; name k ; 
id _779 ; name ax ; 
id _781 ; name d ; 
id _782 ; name o1 ; 
id _784 ; name u ; 
id _785 ; name r ; 
id _787 ; name d ; 
id _788 ; name i ; 
id _790 ; name n ; 
id _791 ; name a1 ; 
id _792 ; name l ; 
id _794 ; name f ; 
id _795 ; name ax ; 
id _797 ; name m ; 
id _798 ; name ax ; 
id _800 ; name n ; 
id _801 ; name i1 ; 
id _805 ; name pau ; 
SylStructure: 
()
id _94 ; name Charset ; pos_index 60 ; pos_index_score 0 ; pos VSP ; pbreak B ; 
id _95 ; name #i ; pos_index 54 ; pos_index_score 0 ; pos VMP ; pbreak NB ; 
id _96 ; name #s ; pos_index 42 ; pos_index_score 0 ; pos SP ; pbreak NB ; 
id _97 ; name #o ; pos_index 4 ; pos_index_score 0 ; pos DA ; pbreak NB ; 
id _98 ; name guió ; pos_index 30 ; pos_index_score 0 ; pos NC ; pbreak NB ; 
id _99 ; name vuit ; pos_index 35 ; pos_index_score 0 ; pos PN ; pbreak NB ; 
id _100 ; name vuit ; pos_index 8 ; pos_index_score 0 ; pos DN ; pbreak NB ; 
id _101 ; name cinc ; pos_index 8 ; pos_index_score 0 ; pos DN ; pbreak NB ; 
id _102 ; name nou ; pos_index 1 ; pos_index_score 0 ; pos AQ ; pbreak NB ; 
id _103 ; name guió ; pos_index 30 ; pos_index_score 0 ; pos NC ; pbreak NB ; 
id _104 ; name un ; pos_index 7 ; pos_index_score 0 ; pos DI ; pbreak NB ; 
id _105 ; name cinc ; pos_index 8 ; pos_index_score 0 ; pos DN ; pbreak NB ; 
id _106 ; name contrabarra ; pos_index 30 ; pos_index_score 0 ; pos NC ; pbreak NB ; 
id _107 ; name ' ; pos_index 28 ; pos_index_score 0 ; pos Fz ; pbreak NB ; 
id _108 ; name claudàtor ; pos_index 30 ; pos_index_score 0 ; pos NC ; pbreak NB ; 
id _109 ; name obert ; pos_index 1 ; pos_index_score 0 ; pos AQ ; pbreak NB ; 
id _110 ; name claudàtor ; pos_index 30 ; pos_index_score 0 ; pos NC ; pbreak NB ; 
id _111 ; name tancat ; pos_index 1 ; pos_index_score 0 ; pos AQ ; pbreak NB ; 
id _112 ; name clau ; pos_index 1 ; pos_index_score 0 ; pos AQ ; pbreak NB ; 
id _113 ; name corba ; pos_index 30 ; pos_index_score 0 ; pos NC ; pbreak NB ; 
id _114 ; name oberta ; pos_index 1 ; pos_index_score 0 ; pos AQ ; pbreak NB ; 
id _115 ; name clau ; pos_index 1 ; pos_index_score 0 ; pos AQ ; pbreak NB ; 
id _116 ; name corba ; pos_index 51 ; pos_index_score 0 ; pos VMI ; pbreak NB ; 
id _117 ; name tancada ; pos_index 1 ; pos_index_score 0 ; pos AQ ; pbreak NB ; 
id _118 ; name coma ; pos_index 30 ; pos_index_score 0 ; pos NC ; pbreak NB ; 
id _119 ; name punt ; pos_index 51 ; pos_index_score 0 ; pos VMI ; pbreak B ; 
id _120 ; name punt ; pos_index 30 ; pos_index_score 0 ; pos NC ; pbreak NB ; 
id _121 ; name i ; pos_index 2 ; pos_index_score 0 ; pos CC ; pbreak NB ; 
id _122 ; name coma ; pos_index 51 ; pos_index_score 0 ; pos VMI ; pbreak NB ; 
id _123 ; name dos ; pos_index 8 ; pos_index_score 0 ; pos DN ; pbreak NB ; 
id _124 ; name punts ; pos_index 30 ; pos_index_score 0 ; pos NC ; pbreak NB ; 
id _125 ; name guió ; pos_index 30 ; pos_index_score 0 ; pos NC ; pbreak NB ; 
id _126 ; name baix ; pos_index 51 ; pos_index_score 0 ; pos VMI ; pbreak NB ; 
id _127 ; name més ; pos_index 40 ; pos_index_score 0 ; pos RG ; pbreak NB ; 
id _128 ; name asterisc ; pos_index 30 ; pos_index_score 0 ; pos NC ; pbreak NB ; 
id _129 ; name a ; pos_index 42 ; pos_index_score 0 ; pos SP ; pbreak NB ; 
id _130 ; name #b ; pos_index 4 ; pos_index_score 0 ; pos DA ; pbreak NB ; 
id _131 ; name #c ; pos_index 30 ; pos_index_score 0 ; pos NC ; pbreak NB ; 
id _132 ; name #d ; pos_index 42 ; pos_index_score 0 ; pos SP ; pbreak NB ; 
id _133 ; name #e ; pos_index 4 ; pos_index_score 0 ; pos DA ; pbreak NB ; 
id _134 ; name #f ; pos_index 30 ; pos_index_score 0 ; pos NC ; pbreak NB ; 
id _135 ; name #g ; pos_index 42 ; pos_index_score 0 ; pos SP ; pbreak NB ; 
id _136 ; name #h ; pos_index 30 ; pos_index_score 0 ; pos NC ; pbreak NB ; 
id _137 ; name i ; pos_index 2 ; pos_index_score 0 ; pos CC ; pbreak NB ; 
id _138 ; name #j ; pos_index 30 ; pos_index_score 0 ; pos NC ; pbreak NB ; 
id _139 ; name #k ; pos_index 42 ; pos_index_score 0 ; pos SP ; pbreak NB ; 
id _140 ; name #l ; pos_index 30 ; pos_index_score 0 ; pos NC ; pbreak NB ; 
id _141 ; name #m ; pos_index 42 ; pos_index_score 0 ; pos SP ; pbreak NB ; 
id _142 ; name #n ; pos_index 30 ; pos_index_score 0 ; pos NC ; pbreak NB ; 
id _143 ; name o ; pos_index 2 ; pos_index_score 0 ; pos CC ; pbreak NB ; 
id _144 ; name #p ; pos_index 4 ; pos_index_score 0 ; pos DA ; pbreak NB ; 
id _145 ; name #q ; pos_index 30 ; pos_index_score 0 ; pos NC ; pbreak NB ; 
id _146 ; name #r ; pos_index 42 ; pos_index_score 0 ; pos SP ; pbreak NB ; 
id _147 ; name #s ; pos_index 4 ; pos_index_score 0 ; pos DA ; pbreak NB ; 
id _148 ; name #t ; pos_index 30 ; pos_index_score 0 ; pos NC ; pbreak NB ; 
id _149 ; name #u ; pos_index 42 ; pos_index_score 0 ; pos SP ; pbreak NB ; 
id _150 ; name #v ; pos_index 4 ; pos_index_score 0 ; pos DA ; pbreak NB ; 
id _151 ; name #w ; pos_index 30 ; pos_index_score 0 ; pos NC ; pbreak NB ; 
id _152 ; name #x ; pos_index 42 ; pos_index_score 0 ; pos SP ; pbreak NB ; 
id _153 ; name #y ; pos_index 4 ; pos_index_score 0 ; pos DA ; pbreak NB ; 
id _154 ; name #z ; pos_index 30 ; pos_index_score 0 ; pos NC ; pbreak NB ; 
id _155 ; name #a ; pos_index 42 ; pos_index_score 0 ; pos SP ; pbreak NB ; 
id _156 ; name #a ; pos_index 4 ; pos_index_score 0 ; pos DA ; pbreak NB ; 
id _157 ; name #a ; pos_index 30 ; pos_index_score 0 ; pos NC ; pbreak NB ; 
id _158 ; name #a ; pos_index 42 ; pos_index_score 0 ; pos SP ; pbreak NB ; 
id _159 ; name #e ; pos_index 4 ; pos_index_score 0 ; pos DA ; pbreak NB ; 
id _160 ; name #e ; pos_index 30 ; pos_index_score 0 ; pos NC ; pbreak NB ; 
id _161 ; name #e ; pos_index 42 ; pos_index_score 0 ; pos SP ; pbreak NB ; 
id _162 ; name #e ; pos_index 4 ; pos_index_score 0 ; pos DA ; pbreak NB ; 
id _163 ; name #i ; pos_index 30 ; pos_index_score 0 ; pos NC ; pbreak NB ; 
id _164 ; name #i ; pos_index 42 ; pos_index_score 0 ; pos SP ; pbreak NB ; 
id _165 ; name #i ; pos_index 4 ; pos_index_score 0 ; pos DA ; pbreak NB ; 
id _166 ; name #i ; pos_index 30 ; pos_index_score 0 ; pos NC ; pbreak NB ; 
id _167 ; name #o ; pos_index 42 ; pos_index_score 0 ; pos SP ; pbreak NB ; 
id _168 ; name #o ; pos_index 4 ; pos_index_score 0 ; pos DA ; pbreak NB ; 
id _169 ; name #o ; pos_index 30 ; pos_index_score 0 ; pos NC ; pbreak NB ; 
id _170 ; name #o ; pos_index 42 ; pos_index_score 0 ; pos SP ; pbreak NB ; 
id _171 ; name #u ; pos_index 4 ; pos_index_score 0 ; pos DA ; pbreak NB ; 
id _172 ; name #u ; pos_index 30 ; pos_index_score 0 ; pos NC ; pbreak NB ; 
id _173 ; name #u ; pos_index 42 ; pos_index_score 0 ; pos SP ; pbreak NB ; 
id _174 ; name #u ; pos_index 4 ; pos_index_score 0 ; pos DA ; pbreak NB ; 
id _175 ; name #ç ; pos_index 30 ; pos_index_score 0 ; pos NC ; pbreak NB ; 
id _176 ; name #ñ ; pos_index 42 ; pos_index_score 0 ; pos SP ; pbreak NB ; 
id _177 ; name zero ; pos_index 30 ; pos_index_score 0 ; pos NC ; pbreak NB ; 
id _178 ; name un ; pos_index 7 ; pos_index_score 0 ; pos DI ; pbreak NB ; 
id _179 ; name dos ; pos_index 35 ; pos_index_score 0 ; pos PN ; pbreak NB ; 
id _180 ; name tres ; pos_index 51 ; pos_index_score 0 ; pos VMI ; pbreak NB ; 
id _181 ; name quatre ; pos_index 62 ; pos_index_score 0 ; pos W ; pbreak NB ; 
id _182 ; name cinc ; pos_index 8 ; pos_index_score 0 ; pos DN ; pbreak NB ; 
id _183 ; name sis ; pos_index 8 ; pos_index_score 0 ; pos DN ; pbreak NB ; 
id _184 ; name set ; pos_index 8 ; pos_index_score 0 ; pos DN ; pbreak NB ; 
id _185 ; name vuit ; pos_index 8 ; pos_index_score 0 ; pos DN ; pbreak NB ; 
id _186 ; name nou ; pos_index 1 ; pos_index_score 0 ; pos AQ ; pbreak NB ; 
id _187 ; name exclamació ; pos_index 30 ; pos_index_score 0 ; pos NC ; pbreak NB ; 
id _188 ; name barra ; pos_index 51 ; pos_index_score 0 ; pos VMI ; pbreak NB ; 
id _189 ; name vertical ; pos_index 1 ; pos_index_score 0 ; pos AQ ; pbreak NB ; 
id _190 ; name arrova ; pos_index 30 ; pos_index_score 0 ; pos NC ; pbreak NB ; 
id _191 ; name punt ; pos_index 51 ; pos_index_score 0 ; pos VMI ; pbreak NB ; 
id _192 ; name volat ; pos_index 54 ; pos_index_score 0 ; pos VMP ; pbreak NB ; 
id _193 ; name dòlar ; pos_index 30 ; pos_index_score 0 ; pos NC ; pbreak NB ; 
id _194 ; name tant ; pos_index 40 ; pos_index_score 0 ; pos RG ; pbreak NB ; 
id _195 ; name per ; pos_index 42 ; pos_index_score 0 ; pos SP ; pbreak NB ; 
id _196 ; name cent ; pos_index 8 ; pos_index_score 0 ; pos DN ; pbreak NB ; 
id _197 ; name ampersand ; pos_index 30 ; pos_index_score 0 ; pos NC ; pbreak NB ; 
id _198 ; name barra ; pos_index 51 ; pos_index_score 0 ; pos VMI ; pbreak NB ; 
id _199 ; name copyright ; pos_index 30 ; pos_index_score 0 ; pos NC ; pbreak NB ; 
id _200 ; name igual ; pos_index 40 ; pos_index_score 0 ; pos RG ; pbreak NB ; 
id _201 ; name indicador ; pos_index 1 ; pos_index_score 0 ; pos AQ ; pbreak NB ; 
id _202 ; name ordinal ; pos_index 30 ; pos_index_score 0 ; pos NC ; pbreak NB ; 
id _203 ; name masculí ; pos_index 1 ; pos_index_score 0 ; pos AQ ; pbreak NB ; 
id _204 ; name indicador ; pos_index 1 ; pos_index_score 0 ; pos AQ ; pbreak NB ; 
id _205 ; name ordinal ; pos_index 30 ; pos_index_score 0 ; pos NC ; pbreak NB ; 
id _206 ; name femení ; pos_index 1 ; pos_index_score 0 ; pos AQ ; pbreak B ; 
