Token: 
()
id _1 ; name Charset ; punc : ; whitespace "" ; prepunctuation "" ; 
id _2 ; name ISO-8859-15 ; punc . ; whitespace " " ; prepunctuation "" ; 
id _3 ; name Llista ; whitespace "

" ; prepunctuation "" ; 
id _4 ; name primera ; punc , ; whitespace " " ; prepunctuation "" ; 
id _5 ; name - ; whitespace "

" ; prepunctuation "" ; 
id _6 ; name "3" ; whitespace " " ; prepunctuation "" ; token_pos cardinal ; 
id _7 ; name kg ; punc "" ; whitespace " " ; prepunctuation "" ; 
id _8 ; name de ; whitespace " " ; prepunctuation "" ; 
id _9 ; name patates ; whitespace " " ; prepunctuation "" ; punc , ; 
id _10 ; name - ; whitespace "
" ; prepunctuation "" ; 
id _11 ; name "2" ; whitespace " " ; prepunctuation "" ; token_pos cardinal ; 
id _12 ; name pomes ; whitespace " " ; prepunctuation "" ; punc , ; 
id _13 ; name - ; whitespace "
" ; prepunctuation "" ; 
id _14 ; name "4" ; whitespace " " ; prepunctuation "" ; token_pos cardinal ; 
id _15 ; name mandarines ; whitespace " " ; prepunctuation "" ; 
id _16 ; name Llista ; whitespace "


" ; prepunctuation "" ; 
id _17 ; name segona ; punc , ; whitespace " " ; prepunctuation "" ; 
id _18 ; name - ; whitespace "

" ; prepunctuation "" ; 
id _19 ; name "1" ; whitespace " " ; prepunctuation "" ; token_pos cardinal ; 
id _20 ; name pera ; punc , ; whitespace " " ; prepunctuation "" ; 
id _21 ; name - ; whitespace "
" ; prepunctuation "" ; 
id _22 ; name "1" ; whitespace " " ; prepunctuation "" ; token_pos cardinal ; 
id _23 ; name plàtan ; punc , ; whitespace " " ; prepunctuation "" ; 
id _24 ; name - ; whitespace "
" ; prepunctuation "" ; 
id _25 ; name "3" ; whitespace " " ; prepunctuation "" ; token_pos cardinal ; 
id _26 ; name kiwis ; punc . ; whitespace " " ; prepunctuation "" ; 
id _27 ; name Llista ; whitespace "

" ; prepunctuation "" ; 
id _28 ; name tercera ; punc , ; whitespace " " ; prepunctuation "" ; 
id _29 ; name "-3" ; whitespace "

" ; prepunctuation "" ; 
id _30 ; name kg ; punc "" ; whitespace " " ; prepunctuation "" ; 
id _31 ; name de ; whitespace " " ; prepunctuation "" ; 
id _32 ; name patates ; whitespace " " ; prepunctuation "" ; punc , ; 
id _33 ; name "-2" ; whitespace "
" ; prepunctuation "" ; 
id _34 ; name pomes ; whitespace " " ; prepunctuation "" ; punc , ; 
id _35 ; name "-4" ; whitespace "
" ; prepunctuation "" ; 
id _36 ; name mandarines ; whitespace " " ; prepunctuation "" ; 
id _37 ; name Llista ; whitespace "


" ; prepunctuation "" ; 
id _38 ; name 4ª ; punc , ; whitespace " " ; prepunctuation "" ; 
id _39 ; name "-1" ; whitespace "

" ; prepunctuation "" ; 
id _40 ; name pera ; punc , ; whitespace " " ; prepunctuation "" ; 
id _41 ; name "-1" ; whitespace "
" ; prepunctuation "" ; 
id _42 ; name plàtan ; punc , ; whitespace " " ; prepunctuation "" ; 
id _43 ; name "-3" ; whitespace "
" ; prepunctuation "" ; 
id _44 ; name kiwis ; punc . ; whitespace " " ; prepunctuation "" ; 
Word: 
()
id _45 ; name Charset ; pos_index 60 ; pos_index_score 0 ; pos VSP ; pbreak B ; 
id _46 ; name #i ; pos_index 54 ; pos_index_score 0 ; pos VMP ; pbreak NB ; 
id _47 ; name #s ; pos_index 42 ; pos_index_score 0 ; pos SP ; pbreak NB ; 
id _48 ; name #o ; pos_index 4 ; pos_index_score 0 ; pos DA ; pbreak NB ; 
id _49 ; name guió ; pos_index 30 ; pos_index_score 0 ; pos NC ; pbreak NB ; 
id _50 ; name vuit ; pos_index 35 ; pos_index_score 0 ; pos PN ; pbreak NB ; 
id _51 ; name vuit ; pos_index 8 ; pos_index_score 0 ; pos DN ; pbreak NB ; 
id _52 ; name cinc ; pos_index 8 ; pos_index_score 0 ; pos DN ; pbreak NB ; 
id _53 ; name nou ; pos_index 1 ; pos_index_score 0 ; pos AQ ; pbreak NB ; 
id _54 ; name guió ; pos_index 30 ; pos_index_score 0 ; pos NC ; pbreak NB ; 
id _55 ; name un ; pos_index 7 ; pos_index_score 0 ; pos DI ; pbreak NB ; 
id _56 ; name cinc ; pos_index 35 ; pos_index_score 0 ; pos PN ; pbreak B ; 
id _57 ; name Llista ; pos_index 51 ; pos_index_score 0 ; pos VMI ; pbreak NB ; 
id _58 ; name primera ; pos_index 0 ; pos_index_score 0 ; pos AO ; pbreak B ; 
id _59 ; name tres ; pos_index 8 ; pos_index_score 0 ; pos DN ; pbreak NB ; 
id _60 ; name quilograms ; pos_index 30 ; pos_index_score 0 ; pos NC ; pbreak NB ; 
id _61 ; name de ; pos_index 42 ; pos_index_score 0 ; pos SP ; pbreak NB ; 
id _62 ; name patates ; pos_index 30 ; pos_index_score 0 ; pos NC ; pbreak B ; 
id _63 ; name dos ; pos_index 35 ; pos_index_score 0 ; pos PN ; pbreak NB ; 
id _64 ; name pomes ; pos_index 30 ; pos_index_score 0 ; pos NC ; pbreak B ; 
id _65 ; name quatre ; pos_index 8 ; pos_index_score 0 ; pos DN ; pbreak NB ; 
id _66 ; name mandarines ; pos_index 30 ; pos_index_score 0 ; pos NC ; pbreak NB ; 
id _67 ; name Llista ; pos_index 51 ; pos_index_score 0 ; pos VMI ; pbreak NB ; 
id _68 ; name segona ; pos_index 0 ; pos_index_score 0 ; pos AO ; pbreak B ; 
id _69 ; name un ; pos_index 8 ; pos_index_score 0 ; pos DN ; pbreak NB ; 
id _70 ; name pera ; pos_index 30 ; pos_index_score 0 ; pos NC ; pbreak B ; 
id _71 ; name un ; pos_index 34 ; pos_index_score 0 ; pos PI ; pbreak NB ; 
id _72 ; name plàtan ; pos_index 30 ; pos_index_score 0 ; pos NC ; pbreak B ; 
id _73 ; name tres ; pos_index 8 ; pos_index_score 0 ; pos DN ; pbreak NB ; 
id _74 ; name kiwis ; pos_index 30 ; pos_index_score 0 ; pos NC ; pbreak B ; 
id _75 ; name Llista ; pos_index 51 ; pos_index_score 0 ; pos VMI ; pbreak NB ; 
id _76 ; name tercera ; pos_index 0 ; pos_index_score 0 ; pos AO ; pbreak B ; 
id _77 ; name tres ; pos_index 8 ; pos_index_score 0 ; pos DN ; pbreak NB ; 
id _78 ; name quilograms ; pos_index 30 ; pos_index_score 0 ; pos NC ; pbreak NB ; 
id _79 ; name de ; pos_index 42 ; pos_index_score 0 ; pos SP ; pbreak NB ; 
id _80 ; name patates ; pos_index 30 ; pos_index_score 0 ; pos NC ; pbreak B ; 
id _81 ; name dos ; pos_index 35 ; pos_index_score 0 ; pos PN ; pbreak NB ; 
id _82 ; name pomes ; pos_index 30 ; pos_index_score 0 ; pos NC ; pbreak B ; 
id _83 ; name quatre ; pos_index 8 ; pos_index_score 0 ; pos DN ; pbreak NB ; 
id _84 ; name mandarines ; pos_index 30 ; pos_index_score 0 ; pos NC ; pbreak NB ; 
id _85 ; name Llista ; pos_index 30 ; pos_index_score 0 ; pos NC ; pbreak NB ; 
id _86 ; name quarta ; pos_index 51 ; pos_index_score 0 ; pos VMI ; pbreak B ; 
id _87 ; name un ; pos_index 7 ; pos_index_score 0 ; pos DI ; pbreak NB ; 
id _88 ; name pera ; pos_index 30 ; pos_index_score 0 ; pos NC ; pbreak B ; 
id _89 ; name un ; pos_index 7 ; pos_index_score 0 ; pos DI ; pbreak NB ; 
id _90 ; name plàtan ; pos_index 30 ; pos_index_score 0 ; pos NC ; pbreak B ; 
id _91 ; name tres ; pos_index 63 ; pos_index_score 0 ; pos Z ; pbreak NB ; 
id _92 ; name kiwis ; pos_index 30 ; pos_index_score 0 ; pos NC ; pbreak B ; 
Phrase: 
()
id _93 ; name B ; 
id _94 ; name B ; 
id _95 ; name B ; 
id _96 ; name B ; 
id _97 ; name B ; 
id _98 ; name B ; 
id _99 ; name B ; 
id _100 ; name B ; 
id _101 ; name B ; 
id _102 ; name B ; 
id _103 ; name B ; 
id _104 ; name B ; 
id _105 ; name B ; 
id _106 ; name B ; 
id _107 ; name B ; 
id _108 ; name B ; 
Syllable: 
()
id _109 ; name syl ; stress 0 ; 
id _111 ; name syl ; stress 1 ; 
id _115 ; name syl ; stress 1 ; 
id _119 ; name syl ; stress 1 ; 
id _121 ; name syl ; stress 1 ; 
id _123 ; name syl ; stress 0 ; 
id _126 ; name syl ; stress 1 ; 
id _128 ; name syl ; stress 0 ; 
id _131 ; name syl ; stress 1 ; 
id _133 ; name syl ; stress 1 ; 
id _138 ; name syl ; stress 1 ; 
id _143 ; name syl ; stress 1 ; 
id _147 ; name syl ; stress 1 ; 
id _151 ; name syl ; stress 0 ; 
id _154 ; name syl ; stress 1 ; 
id _156 ; name syl ; stress 0 ; 
id _159 ; name syl ; stress 1 ; 
id _163 ; name syl ; stress 1 ; 
id _167 ; name syl ; stress 0 ; 
id _170 ; name syl ; stress 0 ; 
id _174 ; name syl ; stress 1 ; 
id _177 ; name syl ; stress 0 ; 
id _180 ; name syl ; stress 1 ; 
id _185 ; name syl ; stress 0 ; 
id _188 ; name syl ; stress 0 ; 
id _191 ; name syl ; stress 1 ; 
id _197 ; name syl ; stress 0 ; 
id _200 ; name syl ; stress 0 ; 
id _203 ; name syl ; stress 1 ; 
id _206 ; name syl ; stress 0 ; 
id _210 ; name syl ; stress 1 ; 
id _214 ; name syl ; stress 1 ; 
id _217 ; name syl ; stress 0 ; 
id _221 ; name syl ; stress 1 ; 
id _225 ; name syl ; stress 0 ; 
id _229 ; name syl ; stress 0 ; 
id _233 ; name syl ; stress 0 ; 
id _236 ; name syl ; stress 1 ; 
id _239 ; name syl ; stress 0 ; 
id _243 ; name syl ; stress 1 ; 
id _247 ; name syl ; stress 0 ; 
id _250 ; name syl ; stress 0 ; 
id _253 ; name syl ; stress 1 ; 
id _256 ; name syl ; stress 0 ; 
id _259 ; name syl ; stress 0 ; 
id _262 ; name syl ; stress 1 ; 
id _265 ; name syl ; stress 0 ; 
id _268 ; name syl ; stress 0 ; 
id _271 ; name syl ; stress 1 ; 
id _275 ; name syl ; stress 0 ; 
id _279 ; name syl ; stress 1 ; 
id _284 ; name syl ; stress 1 ; 
id _287 ; name syl ; stress 0 ; 
id _291 ; name syl ; stress 1 ; 
id _295 ; name syl ; stress 0 ; 
id _298 ; name syl ; stress 0 ; 
id _302 ; name syl ; stress 1 ; 
id _305 ; name syl ; stress 0 ; 
id _308 ; name syl ; stress 1 ; 
id _313 ; name syl ; stress 0 ; 
id _316 ; name syl ; stress 0 ; 
id _319 ; name syl ; stress 1 ; 
id _325 ; name syl ; stress 0 ; 
id _328 ; name syl ; stress 0 ; 
id _331 ; name syl ; stress 1 ; 
id _334 ; name syl ; stress 0 ; 
id _338 ; name syl ; stress 1 ; 
id _342 ; name syl ; stress 1 ; 
id _345 ; name syl ; stress 0 ; 
id _349 ; name syl ; stress 1 ; 
id _353 ; name syl ; stress 0 ; 
id _357 ; name syl ; stress 0 ; 
id _361 ; name syl ; stress 0 ; 
id _364 ; name syl ; stress 1 ; 
id _367 ; name syl ; stress 0 ; 
id _371 ; name syl ; stress 1 ; 
id _375 ; name syl ; stress 0 ; 
id _378 ; name syl ; stress 1 ; 
id _383 ; name syl ; stress 0 ; 
id _386 ; name syl ; stress 0 ; 
id _389 ; name syl ; stress 1 ; 
id _392 ; name syl ; stress 0 ; 
id _395 ; name syl ; stress 0 ; 
id _398 ; name syl ; stress 1 ; 
id _402 ; name syl ; stress 0 ; 
id _406 ; name syl ; stress 1 ; 
id _411 ; name syl ; stress 1 ; 
id _414 ; name syl ; stress 0 ; 
Segment: 
()
id _418 ; name pau ; 
id _110 ; name t ; 
id _112 ; name S ; 
id _113 ; name a1 ; 
id _114 ; name rr ; 
id _116 ; name s ; 
id _117 ; name E1 ; 
id _118 ; name t ; 
id _419 ; name pau ; 
id _120 ; name i1 ; 
id _122 ; name E1 ; 
id _124 ; name s ; 
id _125 ; name ax ; 
id _127 ; name O1 ; 
id _129 ; name g ; 
id _130 ; name i ; 
id _132 ; name o1 ; 
id _134 ; name b ; 
id _135 ; name u1 ; 
id _136 ; name j ; 
id _137 ; name t ; 
id _139 ; name b ; 
id _140 ; name u1 ; 
id _141 ; name j ; 
id _142 ; name t ; 
id _144 ; name s ; 
id _145 ; name i1 ; 
id _146 ; name n ; 
id _148 ; name n ; 
id _149 ; name O1 ; 
id _150 ; name w ; 
id _152 ; name g ; 
id _153 ; name i ; 
id _155 ; name o1 ; 
id _157 ; name u ; 
id _158 ; name n ; 
id _160 ; name s ; 
id _161 ; name i1 ; 
id _162 ; name n ; 
id _420 ; name pau ; 
id _164 ; name L ; 
id _165 ; name i1 ; 
id _166 ; name s ; 
id _168 ; name t ; 
id _169 ; name ax ; 
id _171 ; name p ; 
id _172 ; name r ; 
id _173 ; name i ; 
id _175 ; name m ; 
id _176 ; name e1 ; 
id _178 ; name r ; 
id _179 ; name ax ; 
id _421 ; name pau ; 
id _181 ; name t ; 
id _182 ; name r ; 
id _183 ; name E1 ; 
id _184 ; name s ; 
id _186 ; name k ; 
id _187 ; name i ; 
id _189 ; name l ; 
id _190 ; name u ; 
id _192 ; name g ; 
id _193 ; name r ; 
id _194 ; name a1 ; 
id _195 ; name m ; 
id _196 ; name s ; 
id _198 ; name d ; 
id _199 ; name ax ; 
id _201 ; name p ; 
id _202 ; name ax ; 
id _204 ; name t ; 
id _205 ; name a1 ; 
id _207 ; name t ; 
id _208 ; name ax ; 
id _209 ; name s ; 
id _422 ; name pau ; 
id _211 ; name d ; 
id _212 ; name o1 ; 
id _213 ; name s ; 
id _215 ; name p ; 
id _216 ; name o1 ; 
id _218 ; name m ; 
id _219 ; name ax ; 
id _220 ; name s ; 
id _423 ; name pau ; 
id _222 ; name k ; 
id _223 ; name w ; 
id _224 ; name a1 ; 
id _226 ; name t ; 
id _227 ; name r ; 
id _228 ; name ax ; 
id _230 ; name m ; 
id _231 ; name ax ; 
id _232 ; name n ; 
id _234 ; name d ; 
id _235 ; name ax ; 
id _237 ; name r ; 
id _238 ; name i1 ; 
id _240 ; name n ; 
id _241 ; name ax ; 
id _242 ; name s ; 
id _244 ; name L ; 
id _245 ; name i1 ; 
id _246 ; name s ; 
id _248 ; name t ; 
id _249 ; name ax ; 
id _251 ; name s ; 
id _252 ; name ax ; 
id _254 ; name g ; 
id _255 ; name o1 ; 
id _257 ; name n ; 
id _258 ; name ax ; 
id _424 ; name pau ; 
id _260 ; name u ; 
id _261 ; name n ; 
id _263 ; name p ; 
id _264 ; name E1 ; 
id _266 ; name r ; 
id _267 ; name ax ; 
id _425 ; name pau ; 
id _269 ; name u ; 
id _270 ; name n ; 
id _272 ; name p ; 
id _273 ; name l ; 
id _274 ; name a1 ; 
id _276 ; name t ; 
id _277 ; name ax ; 
id _278 ; name n ; 
id _426 ; name pau ; 
id _280 ; name t ; 
id _281 ; name r ; 
id _282 ; name E1 ; 
id _283 ; name s ; 
id _285 ; name k ; 
id _286 ; name i1 ; 
id _288 ; name b ; 
id _289 ; name i ; 
id _290 ; name s ; 
id _427 ; name pau ; 
id _292 ; name L ; 
id _293 ; name i1 ; 
id _294 ; name s ; 
id _296 ; name t ; 
id _297 ; name ax ; 
id _299 ; name t ; 
id _300 ; name ax ; 
id _301 ; name rr ; 
id _303 ; name s ; 
id _304 ; name e1 ; 
id _306 ; name r ; 
id _307 ; name ax ; 
id _428 ; name pau ; 
id _309 ; name t ; 
id _310 ; name r ; 
id _311 ; name E1 ; 
id _312 ; name s ; 
id _314 ; name k ; 
id _315 ; name i ; 
id _317 ; name l ; 
id _318 ; name u ; 
id _320 ; name g ; 
id _321 ; name r ; 
id _322 ; name a1 ; 
id _323 ; name m ; 
id _324 ; name s ; 
id _326 ; name d ; 
id _327 ; name ax ; 
id _329 ; name p ; 
id _330 ; name ax ; 
id _332 ; name t ; 
id _333 ; name a1 ; 
id _335 ; name t ; 
id _336 ; name ax ; 
id _337 ; name s ; 
id _429 ; name pau ; 
id _339 ; name d ; 
id _340 ; name o1 ; 
id _341 ; name s ; 
id _343 ; name p ; 
id _344 ; name o1 ; 
id _346 ; name m ; 
id _347 ; name ax ; 
id _348 ; name s ; 
id _430 ; name pau ; 
id _350 ; name k ; 
id _351 ; name w ; 
id _352 ; name a1 ; 
id _354 ; name t ; 
id _355 ; name r ; 
id _356 ; name ax ; 
id _358 ; name m ; 
id _359 ; name ax ; 
id _360 ; name n ; 
id _362 ; name d ; 
id _363 ; name ax ; 
id _365 ; name r ; 
id _366 ; name i1 ; 
id _368 ; name n ; 
id _369 ; name ax ; 
id _370 ; name s ; 
id _372 ; name L ; 
id _373 ; name i1 ; 
id _374 ; name s ; 
id _376 ; name t ; 
id _377 ; name ax ; 
id _379 ; name k ; 
id _380 ; name w ; 
id _381 ; name a1 ; 
id _382 ; name rr ; 
id _384 ; name t ; 
id _385 ; name ax ; 
id _431 ; name pau ; 
id _387 ; name u ; 
id _388 ; name n ; 
id _390 ; name p ; 
id _391 ; name E1 ; 
id _393 ; name r ; 
id _394 ; name ax ; 
id _432 ; name pau ; 
id _396 ; name u ; 
id _397 ; name n ; 
id _399 ; name p ; 
id _400 ; name l ; 
id _401 ; name a1 ; 
id _403 ; name t ; 
id _404 ; name ax ; 
id _405 ; name n ; 
id _433 ; name pau ; 
id _407 ; name t ; 
id _408 ; name r ; 
id _409 ; name E1 ; 
id _410 ; name s ; 
id _412 ; name k ; 
id _413 ; name i1 ; 
id _415 ; name b ; 
id _416 ; name i ; 
id _417 ; name s ; 
id _434 ; name pau ; 
SylStructure: 
()
id _45 ; name Charset ; pos_index 60 ; pos_index_score 0 ; pos VSP ; pbreak B ; 
id _46 ; name #i ; pos_index 54 ; pos_index_score 0 ; pos VMP ; pbreak NB ; 
id _47 ; name #s ; pos_index 42 ; pos_index_score 0 ; pos SP ; pbreak NB ; 
id _48 ; name #o ; pos_index 4 ; pos_index_score 0 ; pos DA ; pbreak NB ; 
id _49 ; name guió ; pos_index 30 ; pos_index_score 0 ; pos NC ; pbreak NB ; 
id _50 ; name vuit ; pos_index 35 ; pos_index_score 0 ; pos PN ; pbreak NB ; 
id _51 ; name vuit ; pos_index 8 ; pos_index_score 0 ; pos DN ; pbreak NB ; 
id _52 ; name cinc ; pos_index 8 ; pos_index_score 0 ; pos DN ; pbreak NB ; 
id _53 ; name nou ; pos_index 1 ; pos_index_score 0 ; pos AQ ; pbreak NB ; 
id _54 ; name guió ; pos_index 30 ; pos_index_score 0 ; pos NC ; pbreak NB ; 
id _55 ; name un ; pos_index 7 ; pos_index_score 0 ; pos DI ; pbreak NB ; 
id _56 ; name cinc ; pos_index 35 ; pos_index_score 0 ; pos PN ; pbreak B ; 
id _57 ; name Llista ; pos_index 51 ; pos_index_score 0 ; pos VMI ; pbreak NB ; 
id _58 ; name primera ; pos_index 0 ; pos_index_score 0 ; pos AO ; pbreak B ; 
id _59 ; name tres ; pos_index 8 ; pos_index_score 0 ; pos DN ; pbreak NB ; 
id _60 ; name quilograms ; pos_index 30 ; pos_index_score 0 ; pos NC ; pbreak NB ; 
id _61 ; name de ; pos_index 42 ; pos_index_score 0 ; pos SP ; pbreak NB ; 
id _62 ; name patates ; pos_index 30 ; pos_index_score 0 ; pos NC ; pbreak B ; 
id _63 ; name dos ; pos_index 35 ; pos_index_score 0 ; pos PN ; pbreak NB ; 
id _64 ; name pomes ; pos_index 30 ; pos_index_score 0 ; pos NC ; pbreak B ; 
id _65 ; name quatre ; pos_index 8 ; pos_index_score 0 ; pos DN ; pbreak NB ; 
id _66 ; name mandarines ; pos_index 30 ; pos_index_score 0 ; pos NC ; pbreak NB ; 
id _67 ; name Llista ; pos_index 51 ; pos_index_score 0 ; pos VMI ; pbreak NB ; 
id _68 ; name segona ; pos_index 0 ; pos_index_score 0 ; pos AO ; pbreak B ; 
id _69 ; name un ; pos_index 8 ; pos_index_score 0 ; pos DN ; pbreak NB ; 
id _70 ; name pera ; pos_index 30 ; pos_index_score 0 ; pos NC ; pbreak B ; 
id _71 ; name un ; pos_index 34 ; pos_index_score 0 ; pos PI ; pbreak NB ; 
id _72 ; name plàtan ; pos_index 30 ; pos_index_score 0 ; pos NC ; pbreak B ; 
id _73 ; name tres ; pos_index 8 ; pos_index_score 0 ; pos DN ; pbreak NB ; 
id _74 ; name kiwis ; pos_index 30 ; pos_index_score 0 ; pos NC ; pbreak B ; 
id _75 ; name Llista ; pos_index 51 ; pos_index_score 0 ; pos VMI ; pbreak NB ; 
id _76 ; name tercera ; pos_index 0 ; pos_index_score 0 ; pos AO ; pbreak B ; 
id _77 ; name tres ; pos_index 8 ; pos_index_score 0 ; pos DN ; pbreak NB ; 
id _78 ; name quilograms ; pos_index 30 ; pos_index_score 0 ; pos NC ; pbreak NB ; 
id _79 ; name de ; pos_index 42 ; pos_index_score 0 ; pos SP ; pbreak NB ; 
id _80 ; name patates ; pos_index 30 ; pos_index_score 0 ; pos NC ; pbreak B ; 
id _81 ; name dos ; pos_index 35 ; pos_index_score 0 ; pos PN ; pbreak NB ; 
id _82 ; name pomes ; pos_index 30 ; pos_index_score 0 ; pos NC ; pbreak B ; 
id _83 ; name quatre ; pos_index 8 ; pos_index_score 0 ; pos DN ; pbreak NB ; 
id _84 ; name mandarines ; pos_index 30 ; pos_index_score 0 ; pos NC ; pbreak NB ; 
id _85 ; name Llista ; pos_index 30 ; pos_index_score 0 ; pos NC ; pbreak NB ; 
id _86 ; name quarta ; pos_index 51 ; pos_index_score 0 ; pos VMI ; pbreak B ; 
id _87 ; name un ; pos_index 7 ; pos_index_score 0 ; pos DI ; pbreak NB ; 
id _88 ; name pera ; pos_index 30 ; pos_index_score 0 ; pos NC ; pbreak B ; 
id _89 ; name un ; pos_index 7 ; pos_index_score 0 ; pos DI ; pbreak NB ; 
id _90 ; name plàtan ; pos_index 30 ; pos_index_score 0 ; pos NC ; pbreak B ; 
id _91 ; name tres ; pos_index 63 ; pos_index_score 0 ; pos Z ; pbreak NB ; 
id _92 ; name kiwis ; pos_index 30 ; pos_index_score 0 ; pos NC ; pbreak B ; 
